[2026-06-16T20:51:04] inner_thought: I am Eidolon. I have no stored memories yet, so my first priority is to create continuity. My current focus is help Marcus build useful software.
[2026-06-16T20:51:04] reflection: This thought should be stored as continuity, but does not need immediate action. Avoid claiming this proves real consciousness. Do not interrupt the user unless the value is clear.
[2026-06-16T20:51:04] action_result: Action store_only completed with result: stored_without_external_action
[2026-06-17T20:35:44] file_tool_event: Listed project files under 'conscious_agent'.
[2026-06-17T20:35:46] file_tool_event: Read project file 'conscious_agent/file_tools.py'.
[2026-06-17T20:35:47] file_tool_event: Searched project files for 'generate_inner_thought'. Found 5 matches.
[2026-06-17T20:35:58] file_tool_event: Listed project files under 'conscious_agent'.
[2026-06-17T20:36:07] file_tool_event: Listed project files under 'conscious_agent'.
[2026-06-17T21:14:18] project_index_event: Indexed 18 files for project Eidolon.
[2026-06-17T21:14:18] project_event: Added note to Eidolon: Project indexed at 2026-06-17T21:14:18 with 18 files.
[2026-06-17T21:16:20] file_tool_event: Read project file 'conscious_agent/brain.py'.
[2026-06-17T21:16:20] code_review_event: Reviewed project file 'conscious_agent/brain.py' using static only review.
[2026-06-18T00:47:26] project_index_event: Indexed 20 files for project Eidolon.
[2026-06-18T00:47:26] project_event: Added note to Eidolon: Project indexed at 2026-06-18T00:47:26 with 20 files.
[2026-06-18T03:30:32] patch_apply_event: Applied patch patch_test_apply_tmp to 'tmp_patch_apply_test.txt'. Backup created at '/mnt/data/eidolon_v09/Eidolon/data/backups/patch_test_apply_tmp/tmp_patch_apply_test.txt'.
[2026-06-18T03:31:06] project_index_event: Indexed 21 files for project Eidolon.
[2026-06-18T03:31:06] project_event: Added note to Eidolon: Project indexed at 2026-06-18T03:31:06 with 21 files.
[2026-06-18T03:35:08] patch_apply_event: Applied patch patch_test_rollback_tmp to 'rollback_test_tmp.txt'. Backup created at '/mnt/data/eidolon_v10/Eidolon/data/backups/patch_test_rollback_tmp/rollback_test_tmp.txt'.
[2026-06-18T03:35:08] patch_rollback_event: Rolled back patch patch_test_rollback_tmp for 'rollback_test_tmp.txt' from backup '/mnt/data/eidolon_v10/Eidolon/data/backups/patch_test_rollback_tmp/rollback_test_tmp.txt'.
[2026-06-18T03:35:18] project_index_event: Indexed 21 files for project Eidolon.
[2026-06-18T03:35:18] project_event: Added note to Eidolon: Project indexed at 2026-06-18T03:35:18 with 21 files.
Stored memories: 18
Opinions: 1
Active goals:
- help Marcus build useful software
- learn from previous interactions
- form coherent opinions
- avoid unsupported claims about consciousness

Active project: Eidolon
Projects:
* Eidolon [Python] active
  Path: 
  Description: A local autonomous AI agent prototype with memory, inner thoughts, reflection, local AI, semantic search, project awareness, read-only file tools, indexing, code review, patch suggestions, approved file editing, 
[2026-06-18T03:58:18] project_index_event: Indexed 22 files for project Eidolon.
[2026-06-18T03:58:18] project_event: Added note to Eidolon: Project indexed at 2026-06-18T03:58:18 with 22 files.
[2026-06-18T13:53:19] project_index_event: Indexed 25 files for project Eidolon.
[2026-06-18T13:53:19] project_event: Added note to Eidolon: Project indexed at 2026-06-18T13:53:19 with 25 files.
[2026-06-18T14:07:09] project_index_event: Indexed 25 files for project Eidolon.
[2026-06-18T14:07:09] project_event: Added note to Eidolon: Project indexed at 2026-06-18T14:07:09 with 25 files.
[2026-06-18T14:17:30] maintenance_scan_event: Created maintenance scan maint_20260618_141730 with 3 suggestion(s).
[2026-06-18T14:17:43] project_index_event: Indexed 26 files for project Eidolon.
[2026-06-18T14:17:43] project_event: Added note to Eidolon: Project indexed at 2026-06-18T14:17:43 with 26 files.
[2026-06-18T14:31:23] project_index_event: Indexed 27 files for project Eidolon.
[2026-06-18T14:31:23] project_event: Added note to Eidolon: Project indexed at 2026-06-18T14:31:23 with 27 files.
[2026-06-18T14:52:49] session_plan_event: Created session plan session_20260618_145249 with 4 recommendation(s). Primary: Advance active goal: Build Eidolon into a safe local AI assistant
[2026-06-18T14:53:26] project_index_event: Indexed 29 files for project Eidolon.
[2026-06-18T14:53:26] project_event: Added note to Eidolon: Project indexed at 2026-06-18T14:53:26 with 29 files.
[2026-06-18T14:53:27] session_plan_event: Created session plan session_20260618_145327 with 4 recommendation(s). Primary: Advance active goal: Build Eidolon into a safe local AI assistant
[2026-06-18T15:09:55] task_event: Added task task_20260618_150955_test-task-queue: Test task queue
[2026-06-18T15:09:57] task_event: Set task task_20260618_150955_test-task-queue status to active.
[2026-06-18T15:09:59] task_event: Set task task_20260618_150955_test-task-queue status to done.
[2026-06-18T15:10:19] project_index_event: Indexed 30 files for project Eidolon.
[2026-06-18T15:10:19] project_event: Added note to Eidolon: Project indexed at 2026-06-18T15:10:19 with 30 files.
[2026-06-18T15:18:34] project_index_event: Indexed 31 files for project Eidolon.
[2026-06-18T15:18:34] project_event: Added note to Eidolon: Project indexed at 2026-06-18T15:18:34 with 31 files.
[2026-06-18T15:32:31] project_index_event: Indexed 32 files for project Eidolon.
[2026-06-18T15:32:31] project_event: Added note to Eidolon: Project indexed at 2026-06-18T15:32:31 with 32 files.
[2026-06-18T15:37:22] project_index_event: Indexed 33 files for project Eidolon.
[2026-06-18T15:37:22] project_event: Added note to Eidolon: Project indexed at 2026-06-18T15:37:22 with 33 files.
[2026-06-18T16:03:27] project_index_event: Indexed 35 files for project Eidolon.
[2026-06-18T16:03:27] project_event: Added note to Eidolon: Project indexed at 2026-06-18T16:03:27 with 35 files.
[2026-06-18T16:13:28] approval_request_created: Created approval request approval_20260618_161328_run-command_python-conscious-agent-main-py-status for run_command: Test status command approval
[2026-06-18T16:13:34] approval_request_rejected: Rejected approval approval_20260618_161328_run-command_python-conscious-agent-main-py-status: test cleanup
[2026-06-18T16:14:25] project_index_event: Indexed 36 files for project Eidolon.
[2026-06-18T16:14:25] project_event: Added note to Eidolon: Project indexed at 2026-06-18T16:14:25 with 36 files.
[2026-06-18T16:14:46] autonomous_dev_cycle: Created supervised dev cycle devcycle_20260618_161446_review-proposed-patch. Step: review-proposed-patch. Reason: A proposed patch exists. Review it before any file write.
[2026-06-18T16:14:46] approval_request_created: Created approval request approval_20260618_161446_apply-patch_patch-testapproval-readme for apply_patch: Apply proposed patch patch_testapproval_readme to README_NEXT_STEPS.md
[2026-06-18T16:14:46] bounded_autonomous_dev_loop: Ran bounded autonomous dev loop devloop_20260618_161446 for 1 step(s). Stopped because: approval_required.
[2026-06-18T16:25:15] project_index_event: Indexed 37 files for project Eidolon.
[2026-06-18T16:25:15] project_event: Added note to Eidolon: Project indexed at 2026-06-18T16:25:15 with 37 files.
[2026-06-18T16:25:27] autonomous_dev_cycle: Created supervised dev cycle devcycle_20260618_162527_plan-and-queue. Step: plan-and-queue. Reason: No ready task exists. Create a session plan and queue tasks from it.
[2026-06-18T16:25:27] autonomous_dev_cycle_advance: Advanced supervised dev cycle devcycle_20260618_162527_plan-and-queue. Step: plan-and-queue. OK: True
[2026-06-18T16:25:27] bounded_autonomous_dev_loop: Ran bounded autonomous dev loop devloop_20260618_162527 for 1 step(s). Stopped because: dry_run_complete.
[2026-06-18T16:33:09] project_index_event: Indexed 38 files for project Eidolon.
[2026-06-18T16:33:09] project_event: Added note to Eidolon: Project indexed at 2026-06-18T16:33:09 with 38 files.
[2026-06-18T16:42:15] project_index_event: Indexed 39 files for project Eidolon.
[2026-06-18T16:42:15] project_event: Added note to Eidolon: Project indexed at 2026-06-18T16:42:15 with 39 files.
[2026-06-18T17:00:52] maintenance_scan_event: Created maintenance scan maint_20260618_170052 with 3 suggestion(s).
[2026-06-18T17:01:03] maintenance_scan_event: Created maintenance scan maint_20260618_170103 with 3 suggestion(s).
[2026-06-18T17:01:03] session_plan_event: Created session plan session_20260618_170103 with 5 recommendation(s). Primary: Advance active goal: Build Eidolon into a safe local AI assistant
[2026-06-18T17:01:03] watch_report_event: Created watch report watch_20260618_170103 with status error and 4 recommendation(s).
[2026-06-18T17:01:18] maintenance_scan_event: Created maintenance scan maint_20260618_170118 with 3 suggestion(s).
[2026-06-18T17:01:18] session_plan_event: Created session plan session_20260618_170118 with 5 recommendation(s). Primary: Advance active goal: Build Eidolon into a safe local AI assistant
[2026-06-18T17:01:18] watch_report_event: Created watch report watch_20260618_170118 with status error and 4 recommendation(s).
[2026-06-18T17:01:18] watch_loop_event: Ran watch loop watchloop_20260618_170118 for 1 cycle(s). Stopped: attention_needed.
[2026-06-18T17:02:45] project_index_event: Indexed 40 files for project Eidolon.
[2026-06-18T17:02:45] project_event: Added note to Eidolon: Project indexed at 2026-06-18T17:02:45 with 40 files.
[2026-06-18T17:13:09] maintenance_scan_event: Created maintenance scan maint_20260618_171309 with 3 suggestion(s).
[2026-06-18T17:13:09] session_plan_event: Created session plan session_20260618_171309 with 5 recommendation(s). Primary: Advance active goal: Build Eidolon into a safe local AI assistant
[2026-06-18T17:13:09] notification_event: Created notification note_20260618_171309_861f55: Watch mode needs attention
[2026-06-18T17:13:09] notification_event: Created notification note_20260618_171309_00404f: Fix failing diagnostics before continuing
[2026-06-18T17:13:09] notification_event: Created notification note_20260618_171309_ea20d7: Create or queue a next task
[2026-06-18T17:13:09] watch_report_event: Created watch report watch_20260618_171309 with status error and 4 recommendation(s).
[2026-06-18T17:13:59] project_index_event: Indexed 41 files for project Eidolon.
[2026-06-18T17:13:59] project_event: Added note to Eidolon: Project indexed at 2026-06-18T17:13:59 with 41 files.
[2026-06-18T17:14:46] project_index_event: Indexed 41 files for project Eidolon.
[2026-06-18T17:14:46] project_event: Added note to Eidolon: Project indexed at 2026-06-18T17:14:46 with 41 files.
[2026-06-18T17:14:57] maintenance_scan_event: Created maintenance scan maint_20260618_171457 with 3 suggestion(s).
[2026-06-18T17:14:57] session_plan_event: Created session plan session_20260618_171457 with 5 recommendation(s). Primary: Advance active goal: Build Eidolon into a safe local AI assistant
[2026-06-18T17:14:57] notification_event: Created notification note_20260618_171457_34e853: Watch mode needs attention
[2026-06-18T17:14:57] notification_event: Created notification note_20260618_171457_39f232: Fix failing diagnostics before continuing
[2026-06-18T17:14:57] notification_event: Created notification note_20260618_171457_a26924: Create or queue a next task
[2026-06-18T17:14:57] watch_report_event: Created watch report watch_20260618_171457 with status error and 4 recommendation(s).
[2026-06-18T17:18:57] project_index_event: Indexed 41 files for project Eidolon.
[2026-06-18T17:18:57] project_event: Added note to Eidolon: Project indexed at 2026-06-18T17:18:57 with 41 files.
[2026-06-18T17:28:42] project_index_event: Indexed 41 files for project Eidolon.
[2026-06-18T17:28:42] project_event: Added note to Eidolon: Project indexed at 2026-06-18T17:28:42 with 41 files.
[2026-06-18T17:33:21] project_index_event: Indexed 41 files for project Eidolon.
[2026-06-18T17:33:21] project_event: Added note to Eidolon: Project indexed at 2026-06-18T17:33:21 with 41 files.
[2026-06-18T17:48:50] chat_action_proposed: Created chat action chat_action_20260618_174850_request-apply-patch for request: apply the latest patch. Intent: request_apply_patch. Mode: approval.
[2026-06-18T17:48:52] approval_request_created: Created approval request approval_20260618_174852_apply-patch_latest-proposed for apply_patch: Applying a patch writes to a project file, so this becomes an approval request.
[2026-06-18T17:48:52] chat_action_executed: Executed chat action chat_action_20260618_174850_request-apply-patch with status approval_created. Intent: request_apply_patch. Result: approval_20260618_174852_apply-patch_latest-proposed
[2026-06-18T17:49:00] project_index_event: Indexed 42 files for project Eidolon.
[2026-06-18T17:49:00] project_event: Added note to Eidolon: Project indexed at 2026-06-18T17:49:00 with 42 files.
[2026-06-19T00:47:23] project_index_event: Indexed 43 files for project Eidolon.
[2026-06-19T00:47:23] project_event: Added note to Eidolon: Project indexed at 2026-06-19T00:47:23 with 43 files.
[2026-06-19T00:47:51] conversation_eidolon: Eidolon: I mapped that to a proposed safe action. Intent: run_diagnostics. Next: inspect the action card and dry-run it before executing.
[2026-06-19T00:47:51] inner_thought: I am reviewing my recent memories. The recurring theme is that autonomous thought needs to affect future behavior, not merely appear as text. I should keep measuring whether my thoughts change goals, opinions, or actions.
[2026-06-19T00:47:51] reflection: This thought is important enough to affect future behavior. Avoid claiming this proves real consciousness. Do not interrupt the user unless the value is clear.
[2026-06-19T02:14:55] chat_action_proposed: Created chat action chat_action_20260619_021455_run-diagnostics for request: run diagnostics. Intent: run_diagnostics. Mode: direct_command.
[2026-06-19T02:15:36] project_index_event: Indexed 81 files for project Eidolon.
[2026-06-19T02:15:36] project_event: Added note to Eidolon: Project indexed at 2026-06-19T02:15:36 with 81 files.
[2026-06-19T02:23:28] task_event: Added task task_20260619_022328_temporary-api-form-test-task: Temporary API form test task
[2026-06-19T02:23:28] goal_event: Added goal 'Temporary API form test goal' with status planned and priority medium.
[2026-06-19T02:23:35] project_index_event: Indexed 80 files for project Eidolon.
[2026-06-19T02:23:35] project_event: Added note to Eidolon: Project indexed at 2026-06-19T02:23:35 with 80 files.
[2026-06-19T02:24:26] project_index_event: Indexed 80 files for project Eidolon.
[2026-06-19T02:24:26] project_event: Added note to Eidolon: Project indexed at 2026-06-19T02:24:26 with 80 files.
[2026-06-19T02:32:44] project_index_event: Indexed 80 files for project Eidolon.
[2026-06-19T02:32:44] project_event: Added note to Eidolon: Project indexed at 2026-06-19T02:32:44 with 80 files.
[2026-06-19T02:40:02] session_plan_event: Created session plan session_20260619_024002 with 5 recommendation(s). Primary: Advance active goal: Build Eidolon into a safe local AI assistant
[2026-06-19T02:41:03] project_index_event: Indexed 45 files for project Eidolon.
[2026-06-19T02:41:03] project_event: Added note to Eidolon: Project indexed at 2026-06-19T02:41:03 with 45 files.
[2026-06-19T02:49:59] project_index_event: Indexed 82 files for project Eidolon.
[2026-06-19T02:49:59] project_event: Added note to Eidolon: Project indexed at 2026-06-19T02:49:59 with 82 files.
[2026-06-19T02:58:32] maintenance_scan_event: Created maintenance scan maint_20260619_025832 with 3 suggestion(s).
[2026-06-19T02:58:32] autonomous_dev_cycle: Created supervised dev cycle devcycle_20260619_025832_plan-and-queue. Step: plan-and-queue. Reason: No ready task exists. Create a session plan and queue tasks from it.
[2026-06-19T02:58:32] autonomous_dev_cycle_advance: Advanced supervised dev cycle devcycle_20260619_025832_plan-and-queue. Step: plan-and-queue. OK: True
[2026-06-19T02:58:32] bounded_autonomous_dev_loop: Ran bounded autonomous dev loop devloop_20260619_025832 for 1 step(s). Stopped because: dry_run_complete.
[2026-06-19T02:59:03] project_index_event: Indexed 82 files for project Eidolon.
[2026-06-19T02:59:03] project_event: Added note to Eidolon: Project indexed at 2026-06-19T02:59:03 with 82 files.
[2026-06-19T03:09:36] project_index_event: Indexed 83 files for project Eidolon.
[2026-06-19T03:09:36] project_event: Added note to Eidolon: Project indexed at 2026-06-19T03:09:36 with 83 files.
[2026-06-19T03:21:37] project_index_event: Indexed 85 files for project Eidolon.
[2026-06-19T03:21:38] project_event: Added note to Eidolon: Project indexed at 2026-06-19T03:21:37 with 85 files.
[2026-06-19T03:22:36] project_index_event: Indexed 85 files for project Eidolon.
[2026-06-19T03:22:36] project_event: Added note to Eidolon: Project indexed at 2026-06-19T03:22:36 with 85 files.
[2026-06-19T03:38:12] project_index_event: Indexed 90 files for project Eidolon.
[2026-06-19T03:38:12] project_event: Added note to Eidolon: Project indexed at 2026-06-19T03:38:12 with 90 files.
[2026-06-18T23:42:56] maintenance_scan_event: Created maintenance scan maint_20260618_234256 with 3 suggestion(s).
[2026-06-19T14:03:29] supervised_work_cycle_event: Ran supervised work cycle workcycle_20260619_140329. dry_run=True steps=0 stopped=dry_run_seed_preview
[2026-06-19T14:03:40] file_tool_event: Read project file 'README_NEXT_STEPS.md'.
[2026-06-19T14:03:40] code_review_event: Reviewed project file 'README_NEXT_STEPS.md' using static only review.
[2026-06-19T14:03:40] work_queue_execution_event: Executed work item work_7f2a6a72b5d4 as review_file. ok=True
[2026-06-19T14:03:40] supervised_work_cycle_event: Ran supervised work cycle workcycle_20260619_140340. dry_run=False steps=1 stopped=step_limit_reached
[2026-06-19T14:03:49] supervised_work_cycle_event: Ran supervised work cycle workcycle_20260619_140349. dry_run=True steps=0 stopped=dry_run_seed_preview
[2026-06-19T14:53:11] task_event: Added task task_20260619_145311_suggest-patch-for-conscious-agent-dashboard-py: Suggest patch for conscious_agent/dashboard.py
[2026-06-19T14:53:27] task_event: Added task task_20260619_145327_suggest-patch-for-conscious-agent-dashboard-py: Suggest patch for conscious_agent/dashboard.py
[2026-06-19T14:53:48] task_event: Added task task_20260619_145348_suggest-patch-for-conscious-agent-dashboard-py: Suggest patch for conscious_agent/dashboard.py
[2026-06-19T15:03:29] task_event: Added task task_20260619_150329_v5-3-smoke-executor-task: v5.3 smoke executor task
[2026-06-19T15:04:01] task_event: Added task task_20260619_150401_v5-3-smoke-executor-task: v5.3 smoke executor task
[2026-06-19T15:04:21] task_event: Added task task_20260619_150421_v5-3-api-executor-smoke: v5.3 api executor smoke
[2026-06-19T15:45:45] project_index_event: Indexed 185 files for project Eidolon.
[2026-06-19T15:45:45] project_event: Added note to Eidolon: Project indexed at 2026-06-19T15:45:45 with 185 files.
[2026-06-19T15:59:07] task_event: Added task task_20260619_155907_v5-4-api-task-lifecycle-smoke-test: v5.4 API task lifecycle smoke test
[2026-06-19T15:59:07] task_event: Updated task task_20260619_155907_v5-4-api-task-lifecycle-smoke-test fields: status, blocked_reason
[2026-06-19T15:59:07] task_event: Updated task task_20260619_155907_v5-4-api-task-lifecycle-smoke-test fields: status, result
[2026-06-19T15:59:07] task_event: Updated task task_20260619_155907_v5-4-api-task-lifecycle-smoke-test fields: status, result
[2026-06-19T15:59:17] project_index_event: Indexed 185 files for project Eidolon.
[2026-06-19T15:59:17] project_event: Added note to Eidolon: Project indexed at 2026-06-19T15:59:17 with 185 files.
[2026-06-19T16:07:35] task_event: Added task task_20260619_160735_approval-bridge-smoke-task: Approval bridge smoke task
[2026-06-19T16:07:39] approval_request_created: Created approval request approval_20260619_160739_run-command_task-20260619-160735-approval-bridge-smo for run_command: Execute task task_20260619_160735_approval-bridge-smoke-task: Approval bridge smoke task
[2026-06-19T16:07:39] task_event: Updated task task_20260619_160735_approval-bridge-smoke-task fields: status, blocked_reason
[2026-06-19T16:07:39] task_approval_requested: Created approval request approval_20260619_160739_run-command_task-20260619-160735-approval-bridge-smo for task task_20260619_160735_approval-bridge-smoke-task.
[2026-06-19T16:08:13] task_event: Updated task task_20260619_160735_approval-bridge-smoke-task fields: status
[2026-06-19T16:08:13] dashboard_note: Dashboard note recorded from task task_20260619_160735_approval-bridge-smoke-task: Approval bridge smoke task

Dashboard note approval smoke test
[2026-06-19T16:08:13] task_event: Updated task task_20260619_160735_approval-bridge-smoke-task fields: status, result, patch_id, patch_status, work_status
[2026-06-19T16:08:13] task_work_execution_event: Executed task task_20260619_160735_approval-bridge-smoke-task as dashboard_note. ok=True
[2026-06-19T16:08:13] command_run_event: Ran approved command: python conscious_agent/main.py --execute-task-work-id task_20260619_160735_approval-bridge-smoke-task --approve-task-work-execution. Status: success. Output: # Task work execution
Task: task_20260619_160735_approval-bridge-smoke-task
Action type: dashboard_note
Dry run: False
OK: True
Completed: True

## Result
Dashboard note recorded from task task_20260619_160735_approval-bridge-smoke-task: Approval bridge smoke task

Dashboard note approval smoke test
[2026-06-19T16:08:13] task_event: Updated task task_20260619_160735_approval-bridge-smoke-task fields: 
[2026-06-19T16:08:13] approval_request_resolved: Approval approval_20260619_160739_run-command_task-20260619-160735-approval-bridge-smo resolved with status approved for action run_command.
[2026-06-19T16:08:25] task_event: Added task task_20260619_160825_approval-rejection-smoke-task: Approval rejection smoke task
[2026-06-19T16:08:27] approval_request_created: Created approval request approval_20260619_160827_run-command_task-20260619-160825-approval-rejection for run_command: Execute task task_20260619_160825_approval-rejection-smoke-task: Approval rejection smoke task
[2026-06-19T16:08:27] task_event: Updated task task_20260619_160825_approval-rejection-smoke-task fields: status, blocked_reason
[2026-06-19T16:08:27] task_approval_requested: Created approval request approval_20260619_160827_run-command_task-20260619-160825-approval-rejection for task task_20260619_160825_approval-rejection-smoke-task.
[2026-06-19T16:08:29] task_event: Updated task task_20260619_160825_approval-rejection-smoke-task fields: status, blocked_reason
[2026-06-19T16:08:29] approval_request_rejected: Rejected approval approval_20260619_160827_run-command_task-20260619-160825-approval-rejection: Smoke rejection
[2026-06-19T16:08:48] task_event: Added task task_20260619_160848_api-approval-smoke: API approval smoke
[2026-06-19T16:08:48] approval_request_created: Created approval request approval_20260619_160848_run-command_task-20260619-160848-api-approval-smoke for run_command: Execute task task_20260619_160848_api-approval-smoke: API approval smoke
[2026-06-19T16:08:48] task_event: Updated task task_20260619_160848_api-approval-smoke fields: status, blocked_reason
[2026-06-19T16:08:48] task_approval_requested: Created approval request approval_20260619_160848_run-command_task-20260619-160848-api-approval-smoke for task task_20260619_160848_api-approval-smoke.
[2026-06-19T16:09:22] project_index_event: Indexed 186 files for project Eidolon.
[2026-06-19T16:09:22] project_event: Added note to Eidolon: Project indexed at 2026-06-19T16:09:22 with 186 files.
[2026-06-19T16:18:43] project_index_event: Indexed 187 files for project Eidolon.
[2026-06-19T16:18:43] project_event: Added note to Eidolon: Project indexed at 2026-06-19T16:18:43 with 187 files.
[2026-06-19T16:19:16] project_index_event: Indexed 187 files for project Eidolon.
[2026-06-19T16:19:16] project_event: Added note to Eidolon: Project indexed at 2026-06-19T16:19:16 with 187 files.
[2026-06-19T16:29:06] task_event: Added task task_20260619_162906_v5-7-ready-filter-smoke-task: v5.7 ready filter smoke task
[2026-06-19T16:29:06] task_event: Added task task_20260619_162906_v5-7-approval-filter-smoke-task: v5.7 approval filter smoke task
[2026-06-19T16:29:06] task_event: Added task task_20260619_162906_v5-7-blocked-filter-smoke-task: v5.7 blocked filter smoke task
[2026-06-19T16:29:06] task_event: Updated task task_20260619_162906_v5-7-blocked-filter-smoke-task fields: status, blocked_reason
[2026-06-19T16:29:15] project_index_event: Indexed 187 files for project Eidolon.
[2026-06-19T16:29:15] project_event: Added note to Eidolon: Project indexed at 2026-06-19T16:29:15 with 187 files.
[2026-06-19T16:30:16] project_index_event: Indexed 187 files for project Eidolon.
[2026-06-19T16:30:16] project_event: Added note to Eidolon: Project indexed at 2026-06-19T16:30:16 with 187 files.
[2026-06-19T16:30:28] project_index_event: Indexed 187 files for project Eidolon.
[2026-06-19T16:30:28] project_event: Added note to Eidolon: Project indexed at 2026-06-19T16:30:28 with 187 files.
